#
# There is insufficient memory for the Java Runtime Environment to continue.
# Native memory allocation (mmap) failed to map 232783872 bytes. Error detail: G1 virtual space
# Possible reasons:
#   The system is out of physical RAM or swap space
#   This process is running with CompressedOops enabled, and the Java Heap may be blocking the growth of the native heap
# Possible solutions:
#   Reduce memory load on the system
#   Increase physical memory or swap space
#   Check if swap backing store is full
#   Decrease Java heap size (-Xmx/-Xms)
#   Decrease number of Java threads
#   Decrease Java thread stack sizes (-Xss)
#   Set larger code cache with -XX:ReservedCodeCacheSize=
#   JVM is running with Zero Based Compressed Oops mode in which the Java heap is
#     placed in the first 32GB address space. The Java Heap base address is the
#     maximum limit for the native heap growth. Please use -XX:HeapBaseMinAddress
#     to set the Java Heap base and to place the Java Heap above 32GB virtual address.
# This output file may be truncated or incomplete.
#
#  Out of Memory Error (os_windows.cpp:3703), pid=12252, tid=29744
#
# JRE version:  (23.0.1+11) (build )
# Java VM: Java HotSpot(TM) 64-Bit Server VM (23.0.1+11-39, mixed mode, sharing, tiered, compressed oops, compressed class ptrs, g1 gc, windows-amd64)
# No core dump will be written. Minidumps are not enabled by default on client versions of Windows
#

---------------  S U M M A R Y ------------

Command Line: C:\Users\admin\AppData\Local\Temp\surefire298917512002158046\surefirebooter-20250904205821331_3.jar C:\Users\admin\AppData\Local\Temp\surefire298917512002158046 2025-09-04T20-58-21_119-jvmRun1 surefire-20250904205821331_1tmp surefire_0-20250904205821331_2tmp

Host: AMD Ryzen 5 5500U with Radeon Graphics         , 12 cores, 13G,  Windows 11 , 64 bit Build 26100 (10.0.26100.4768)
Time: Thu Sep  4 20:58:22 2025  Windows 11 , 64 bit Build 26100 (10.0.26100.4768) elapsed time: 1.241679 seconds (0d 0h 0m 1s)

---------------  T H R E A D  ---------------

Current thread (0x000002c2f4a42bb0):  JavaThread "Unknown thread" [_thread_in_vm, id=29744, stack(0x000000d34bc00000,0x000000d34bd00000) (1024K)]

Stack: [0x000000d34bc00000,0x000000d34bd00000]
Native frames: (J=compiled Java code, j=interpreted, Vv=VM code, C=native code)
V  [jvm.dll+0x6e08b9]  (no source info available)
V  [jvm.dll+0x87dc83]  (no source info available)
V  [jvm.dll+0x88010e]  (no source info available)
V  [jvm.dll+0x8807e3]  (no source info available)
V  [jvm.dll+0x27aee6]  (no source info available)
V  [jvm.dll+0x6dd1c5]  (no source info available)
V  [jvm.dll+0x6d104a]  (no source info available)
V  [jvm.dll+0x35b3ea]  (no source info available)
V  [jvm.dll+0x3637f6]  (no source info available)
V  [jvm.dll+0x34fd5e]  (no source info available)
V  [jvm.dll+0x34fff8]  (no source info available)
V  [jvm.dll+0x3289cc]  (no source info available)
V  [jvm.dll+0x32966e]  (no source info available)
V  [jvm.dll+0x844355]  (no source info available)
V  [jvm.dll+0x3b9848]  (no source info available)
V  [jvm.dll+0x82d14c]  (no source info available)
V  [jvm.dll+0x454d4e]  (no source info available)
V  [jvm.dll+0x456bd1]  (no source info available)
C  [jli.dll+0x52a3]  (no source info available)
C  [ucrtbase.dll+0x37b0]  (no source info available)
C  [KERNEL32.DLL+0x2e8d7]  (no source info available)
C  [ntdll.dll+0x3c34c]  (no source info available)

Lock stack of current Java thread (top to bottom):


---------------  P R O C E S S  ---------------

Threads class SMR info:
_java_thread_list=0x00007ff881d73618, length=0, elements={
}

Java Threads: ( => current thread )
Total: 0

Other Threads:
  0x000002c2f6cf8090 WorkerThread "GC Thread#0"                     [id=32176, stack(0x000000d34bd00000,0x000000d34be00000) (1024K)]
  0x000002c2f6d0b480 ConcurrentGCThread "G1 Main Marker"            [id=28184, stack(0x000000d34be00000,0x000000d34bf00000) (1024K)]
  0x000002c2f6d0cbf0 WorkerThread "G1 Conc#0"                       [id=9380, stack(0x000000d34bf00000,0x000000d34c000000) (1024K)]

[error occurred during error reporting (printing all threads), id 0xc0000005, EXCEPTION_ACCESS_VIOLATION (0xc0000005) at pc=0x00007ff8814bbfba]
VM state: not at safepoint (not fully initialized)

VM Mutex/Monitor currently owned by a thread:  ([mutex/lock_event])
[0x00007ff881df3a10] Heap_lock - owner thread: 0x000002c2f4a42bb0

Heap address: 0x0000000722600000, size: 3546 MB, Compressed Oops mode: Zero based, Oop shift amount: 3

CDS archive(s) mapped at: [0x0000000000000000-0x0000000000000000-0x0000000000000000), size 0, SharedBaseAddress: 0x0000000800000000, ArchiveRelocationMode: 1.
Narrow klass base: 0x0000000000000000, Narrow klass shift: 0, Narrow klass range: 0x0

GC Precious Log:
 CardTable entry size: 512
 Card Set container configuration: InlinePtr #cards 4 size 8 Array Of Cards #cards 16 size 48 Howl #buckets 8 coarsen threshold 3686 Howl Bitmap #cards 512 size 80 coarsen threshold 460 Card regions per heap region 1 cards per card region 4096

Heap:
 garbage-first heap   total reserved 3631104K, committed 0K, used 0K [0x0000000722600000, 0x0000000800000000)
  region size 2048K, 0 young (0K), 0 survivors (0K)

[error occurred during error reporting (printing heap information), id 0xc0000005, EXCEPTION_ACCESS_VIOLATION (0xc0000005) at pc=0x00007ff8818bc3c9]
GC Heap History (0 events):
No events

Dll operation events (1 events):
Event: 0.012 Loaded shared library C:\Program Files\Java\jdk-23\bin\java.dll

Deoptimization events (0 events):
No events

Classes loaded (0 events):
No events

Classes unloaded (0 events):
No events

Classes redefined (0 events):
No events

Internal exceptions (0 events):
No events

VM Operations (0 events):
No events

Memory protections (0 events):
No events

Nmethod flushes (0 events):
No events

Events (0 events):
No events


Dynamic libraries:
0x00007ff600550000 - 0x00007ff600560000 	C:\Program Files\Java\jdk-23\bin\java.exe
0x00007ff9461e0000 - 0x00007ff946447000 	C:\WINDOWS\SYSTEM32\ntdll.dll
0x00007ff945a30000 - 0x00007ff945af9000 	C:\WINDOWS\System32\KERNEL32.DLL
0x00007ff943490000 - 0x00007ff943880000 	C:\WINDOWS\System32\KERNELBASE.dll
0x00007ff943d70000 - 0x00007ff943ebb000 	C:\WINDOWS\System32\ucrtbase.dll
0x00007ff929e50000 - 0x00007ff929e67000 	C:\Program Files\Java\jdk-23\bin\jli.dll
0x00007ff91fbc0000 - 0x00007ff91fbdb000 	C:\Program Files\Java\jdk-23\bin\VCRUNTIME140.dll
0x00007ff945cf0000 - 0x00007ff945eb5000 	C:\WINDOWS\System32\USER32.dll
0x00007ff943a10000 - 0x00007ff943a37000 	C:\WINDOWS\System32\win32u.dll
0x00007ff944e00000 - 0x00007ff944e2b000 	C:\WINDOWS\System32\GDI32.dll
0x00007ff943b90000 - 0x00007ff943cc8000 	C:\WINDOWS\System32\gdi32full.dll
0x00007ff943ec0000 - 0x00007ff943f63000 	C:\WINDOWS\System32\msvcp_win.dll
0x00007ff937f40000 - 0x00007ff9381da000 	C:\WINDOWS\WinSxS\amd64_microsoft.windows.common-controls_6595b64144ccf1df_6.0.26100.4768_none_3e0c112ce331287c\COMCTL32.dll
0x00007ff9452c0000 - 0x00007ff945369000 	C:\WINDOWS\System32\msvcrt.dll
0x00007ff944930000 - 0x00007ff94495f000 	C:\WINDOWS\System32\IMM32.DLL
0x00007ff92a630000 - 0x00007ff92a63c000 	C:\Program Files\Java\jdk-23\bin\vcruntime140_1.dll
0x00007ff911260000 - 0x00007ff9112ee000 	C:\Program Files\Java\jdk-23\bin\msvcp140.dll
0x00007ff881180000 - 0x00007ff881ecf000 	C:\Program Files\Java\jdk-23\bin\server\jvm.dll
0x00007ff943f70000 - 0x00007ff944024000 	C:\WINDOWS\System32\ADVAPI32.dll
0x00007ff9460f0000 - 0x00007ff946196000 	C:\WINDOWS\System32\sechost.dll
0x00007ff945f40000 - 0x00007ff946058000 	C:\WINDOWS\System32\RPCRT4.dll
0x00007ff945240000 - 0x00007ff9452b4000 	C:\WINDOWS\System32\WS2_32.dll
0x00007ff943170000 - 0x00007ff9431ce000 	C:\WINDOWS\SYSTEM32\POWRPROF.dll
0x00007ff93bc40000 - 0x00007ff93bc4b000 	C:\WINDOWS\SYSTEM32\VERSION.dll
0x00007ff938240000 - 0x00007ff938275000 	C:\WINDOWS\SYSTEM32\WINMM.dll
0x00007ff943150000 - 0x00007ff943164000 	C:\WINDOWS\SYSTEM32\UMPDC.dll
0x00007ff942090000 - 0x00007ff9420ab000 	C:\WINDOWS\SYSTEM32\kernel.appcore.dll
0x00007ff9299c0000 - 0x00007ff9299ca000 	C:\Program Files\Java\jdk-23\bin\jimage.dll
0x00007ff9385c0000 - 0x00007ff938801000 	C:\WINDOWS\SYSTEM32\DBGHELP.DLL
0x00007ff9454b0000 - 0x00007ff945835000 	C:\WINDOWS\System32\combase.dll
0x00007ff945b80000 - 0x00007ff945c60000 	C:\WINDOWS\System32\OLEAUT32.dll
0x00007ff9370d0000 - 0x00007ff937113000 	C:\WINDOWS\SYSTEM32\dbgcore.DLL
0x00007ff943cd0000 - 0x00007ff943d69000 	C:\WINDOWS\System32\bcryptPrimitives.dll
0x00007ff91fba0000 - 0x00007ff91fbbe000 	C:\Program Files\Java\jdk-23\bin\java.dll
0x00007ff945840000 - 0x00007ff9459e0000 	C:\WINDOWS\System32\ole32.dll
0x00007ff944030000 - 0x00007ff94477d000 	C:\WINDOWS\System32\SHELL32.dll
0x00007ff943890000 - 0x00007ff943a03000 	C:\WINDOWS\System32\wintypes.dll

dbghelp: loaded successfully - version: 4.0.5 - missing functions: none
symbol engine: initialized successfully - sym options: 0x614 - pdb path: .;C:\Program Files\Java\jdk-23\bin;C:\WINDOWS\SYSTEM32;C:\WINDOWS\WinSxS\amd64_microsoft.windows.common-controls_6595b64144ccf1df_6.0.26100.4768_none_3e0c112ce331287c;C:\Program Files\Java\jdk-23\bin\server

VM Arguments:
java_command: C:\Users\admin\AppData\Local\Temp\surefire298917512002158046\surefirebooter-20250904205821331_3.jar C:\Users\admin\AppData\Local\Temp\surefire298917512002158046 2025-09-04T20-58-21_119-jvmRun1 surefire-20250904205821331_1tmp surefire_0-20250904205821331_2tmp
java_class_path (initial): C:\Users\admin\AppData\Local\Temp\surefire298917512002158046\surefirebooter-20250904205821331_3.jar
Launcher Type: SUN_STANDARD

[Global flags]
     intx CICompilerCount                          = 4                                         {product} {ergonomic}
     uint ConcGCThreads                            = 3                                         {product} {ergonomic}
     uint G1ConcRefinementThreads                  = 10                                        {product} {ergonomic}
   size_t G1HeapRegionSize                         = 2097152                                   {product} {ergonomic}
   size_t InitialHeapSize                          = 232783872                                 {product} {ergonomic}
   size_t MarkStackSize                            = 4194304                                   {product} {ergonomic}
   size_t MarkStackSizeMax                         = 536870912                                 {product} {ergonomic}
   size_t MaxHeapSize                              = 3718250496                                {product} {ergonomic}
   size_t MinHeapDeltaBytes                        = 2097152                                   {product} {ergonomic}
   size_t MinHeapSize                              = 8388608                                   {product} {ergonomic}
    uintx NonNMethodCodeHeapSize                   = 5832704                                {pd product} {ergonomic}
    uintx NonProfiledCodeHeapSize                  = 122945536                              {pd product} {ergonomic}
    uintx ProfiledCodeHeapSize                     = 122880000                              {pd product} {ergonomic}
    uintx ReservedCodeCacheSize                    = 251658240                              {pd product} {ergonomic}
     bool SegmentedCodeCache                       = true                                      {product} {ergonomic}
   size_t SoftMaxHeapSize                          = 3718250496                             {manageable} {ergonomic}
     bool UseCompressedOops                        = true                           {product lp64_product} {ergonomic}
     bool UseG1GC                                  = true                                      {product} {ergonomic}
     bool UseLargePagesIndividualAllocation        = false                                  {pd product} {ergonomic}

Logging:
Log output configuration:
 #0: stdout all=warning uptime,level,tags foldmultilines=false
 #1: stderr all=off uptime,level,tags foldmultilines=false

Environment Variables:
PATH=C:\app\admin\product\18.0.0\dbhomeXE\bin;C:\Program Files\Common Files\Oracle\Java\javapath;C:\Program Files (x86)\Common Files\Oracle\Java\javapath;C:\WINDOWS\system32;C:\WINDOWS;C:\WINDOWS\System32\Wbem;C:\WINDOWS\System32\WindowsPowerShell\v1.0\;C:\WINDOWS\System32\OpenSSH\;C:\Program Files\TortoiseSVN\bin;C:\Program Files\nodejs\;C:\Program Files\Git\cmd;C:\Users\admin\AppData\Local\Microsoft\WindowsApps;C:\Users\admin\AppData\Local\Programs\Microsoft VS Code\bin;C:\Users\admin\AppData\Roaming\npm
USERNAME=admin
LANG=ko_KR.UTF-8
OS=Windows_NT
PROCESSOR_IDENTIFIER=AMD64 Family 23 Model 104 Stepping 1, AuthenticAMD
TMP=C:\Users\admin\AppData\Local\Temp
TEMP=C:\Users\admin\AppData\Local\Temp




Periodic native trim disabled

---------------  S Y S T E M  ---------------

OS:
 Windows 11 , 64 bit Build 26100 (10.0.26100.4768)
OS uptime: 21 days 16:25 hours

CPU: total 12 (initial active 12) (12 cores per cpu, 2 threads per core) family 23 model 104 stepping 1 microcode 0x8608107, cx8, cmov, fxsr, ht, mmx, 3dnowpref, sse, sse2, sse3, ssse3, sse4a, sse4.1, sse4.2, popcnt, lzcnt, tsc, tscinvbit, avx, avx2, aes, clmul, bmi1, bmi2, adx, sha, fma, vzeroupper, clflush, clflushopt, rdtscp, rdpid, f16c
Processor Information for the first 12 processors :
  Max Mhz: 2100, Current Mhz: 2100, Mhz Limit: 2100

Memory: 4k page, system-wide physical 14181M (1158M free)
TotalPageFile size 44584M (AvailPageFile size 72M)
current process WorkingSet (physical memory assigned to process): 13M, peak: 13M
current process commit charge ("private bytes"): 64M, peak: 286M

vm_info: Java HotSpot(TM) 64-Bit Server VM (23.0.1+11-39) for windows-amd64 JRE (23.0.1+11-39), built on 2024-09-30T07:20:43Z with MS VC++ 17.6 (VS2022)

END.
